// Vitest Snapshot v1, https://vitest.dev/guide/snapshot.html

exports[`C extractor — C-1 basic entities > emits the expected entities and edges for the basic fixture 1`] = `
{
  "diagnostics": [],
  "edges": [
    {
      "evidence": {
        "column": 9,
        "confidence": "high",
        "extractor": "c",
        "extractor_version": "0.1.0",
        "language": "c",
        "line": 17,
        "parser_backed": true,
      },
      "from": "c:c/01-basic-structs/basic.c",
      "relationship": "DECLARES",
      "to": "c:c/01-basic-structs/basic.c#Enum:NodeKind",
    },
    {
      "evidence": {
        "column": 1,
        "confidence": "high",
        "extractor": "c",
        "extractor_version": "0.1.0",
        "language": "c",
        "line": 38,
        "parser_backed": true,
      },
      "from": "c:c/01-basic-structs/basic.c",
      "relationship": "DECLARES",
      "to": "c:c/01-basic-structs/basic.c#Function:node_count",
    },
    {
      "evidence": {
        "column": 1,
        "confidence": "high",
        "extractor": "c",
        "extractor_version": "0.1.0",
        "language": "c",
        "line": 41,
        "parser_backed": true,
      },
      "from": "c:c/01-basic-structs/basic.c",
      "relationship": "DECLARES",
      "to": "c:c/01-basic-structs/basic.c#Function:node_make",
    },
    {
      "evidence": {
        "column": 1,
        "confidence": "high",
        "extractor": "c",
        "extractor_version": "0.1.0",
        "language": "c",
        "line": 15,
        "parser_backed": true,
      },
      "from": "c:c/01-basic-structs/basic.c",
      "relationship": "DECLARES",
      "to": "c:c/01-basic-structs/basic.c#Macro:LIST_FOREACH",
    },
    {
      "evidence": {
        "column": 1,
        "confidence": "high",
        "extractor": "c",
        "extractor_version": "0.1.0",
        "language": "c",
        "line": 14,
        "parser_backed": true,
      },
      "from": "c:c/01-basic-structs/basic.c",
      "relationship": "DECLARES",
      "to": "c:c/01-basic-structs/basic.c#Macro:MAX_NODES",
    },
    {
      "evidence": {
        "column": 1,
        "confidence": "high",
        "extractor": "c",
        "extractor_version": "0.1.0",
        "language": "c",
        "line": 27,
        "parser_backed": true,
      },
      "from": "c:c/01-basic-structs/basic.c",
      "relationship": "DECLARES",
      "to": "c:c/01-basic-structs/basic.c#Struct:Bucket",
    },
    {
      "evidence": {
        "column": 9,
        "confidence": "high",
        "extractor": "c",
        "extractor_version": "0.1.0",
        "language": "c",
        "line": 22,
        "parser_backed": true,
      },
      "from": "c:c/01-basic-structs/basic.c",
      "relationship": "DECLARES",
      "to": "c:c/01-basic-structs/basic.c#Struct:Node",
    },
    {
      "evidence": {
        "column": 1,
        "confidence": "high",
        "extractor": "c",
        "extractor_version": "0.1.0",
        "language": "c",
        "line": 22,
        "parser_backed": true,
      },
      "from": "c:c/01-basic-structs/basic.c",
      "relationship": "DECLARES",
      "to": "c:c/01-basic-structs/basic.c#TypeAlias:Node",
    },
    {
      "evidence": {
        "column": 1,
        "confidence": "high",
        "extractor": "c",
        "extractor_version": "0.1.0",
        "language": "c",
        "line": 17,
        "parser_backed": true,
      },
      "from": "c:c/01-basic-structs/basic.c",
      "relationship": "DECLARES",
      "to": "c:c/01-basic-structs/basic.c#TypeAlias:NodeKind",
    },
    {
      "evidence": {
        "column": 1,
        "confidence": "high",
        "extractor": "c",
        "extractor_version": "0.1.0",
        "language": "c",
        "line": 32,
        "parser_backed": true,
      },
      "from": "c:c/01-basic-structs/basic.c",
      "relationship": "DECLARES",
      "to": "c:c/01-basic-structs/basic.c#Union:Payload",
    },
    {
      "evidence": {
        "column": 1,
        "confidence": "high",
        "extractor": "c",
        "extractor_version": "0.1.0",
        "language": "c",
        "line": 12,
        "parser_backed": true,
      },
      "from": "c:c/01-basic-structs/basic.c",
      "meta": {
        "path": "internal.h",
        "system": false,
      },
      "relationship": "INCLUDES",
      "to": "c:include:internal.h",
    },
    {
      "evidence": {
        "column": 1,
        "confidence": "high",
        "extractor": "c",
        "extractor_version": "0.1.0",
        "language": "c",
        "line": 11,
        "parser_backed": true,
      },
      "from": "c:c/01-basic-structs/basic.c",
      "meta": {
        "path": "stdio.h",
        "system": true,
      },
      "relationship": "INCLUDES",
      "to": "c:include:stdio.h",
    },
    {
      "evidence": {
        "column": 5,
        "confidence": "high",
        "extractor": "c",
        "extractor_version": "0.1.0",
        "language": "c",
        "line": 19,
        "parser_backed": true,
      },
      "from": "c:c/01-basic-structs/basic.c#Enum:NodeKind",
      "relationship": "DECLARES_ENUM_MEMBER",
      "to": "c:c/01-basic-structs/basic.c#EnumMember:NodeKind.NODE_KIND_BRANCH",
    },
    {
      "evidence": {
        "column": 5,
        "confidence": "high",
        "extractor": "c",
        "extractor_version": "0.1.0",
        "language": "c",
        "line": 18,
        "parser_backed": true,
      },
      "from": "c:c/01-basic-structs/basic.c#Enum:NodeKind",
      "relationship": "DECLARES_ENUM_MEMBER",
      "to": "c:c/01-basic-structs/basic.c#EnumMember:NodeKind.NODE_KIND_LEAF",
    },
    {
      "evidence": {
        "column": 5,
        "confidence": "high",
        "extractor": "c",
        "extractor_version": "0.1.0",
        "language": "c",
        "line": 29,
        "parser_backed": true,
      },
      "from": "c:c/01-basic-structs/basic.c#Field:Bucket.first",
      "meta": {
        "base_type": "Node",
        "depth": 1,
        "is_const": false,
        "is_volatile": false,
        "resolved": false,
      },
      "relationship": "POINTS_TO",
      "to": "c:type:Node",
    },
    {
      "evidence": {
        "column": 5,
        "confidence": "high",
        "extractor": "c",
        "extractor_version": "0.1.0",
        "language": "c",
        "line": 29,
        "parser_backed": true,
      },
      "from": "c:c/01-basic-structs/basic.c#Struct:Bucket",
      "relationship": "DECLARES_FIELD",
      "to": "c:c/01-basic-structs/basic.c#Field:Bucket.first",
    },
    {
      "evidence": {
        "column": 5,
        "confidence": "high",
        "extractor": "c",
        "extractor_version": "0.1.0",
        "language": "c",
        "line": 28,
        "parser_backed": true,
      },
      "from": "c:c/01-basic-structs/basic.c#Struct:Bucket",
      "relationship": "DECLARES_FIELD",
      "to": "c:c/01-basic-structs/basic.c#Field:Bucket.hash",
    },
    {
      "evidence": {
        "column": 5,
        "confidence": "high",
        "extractor": "c",
        "extractor_version": "0.1.0",
        "language": "c",
        "line": 24,
        "parser_backed": true,
      },
      "from": "c:c/01-basic-structs/basic.c#Struct:Node",
      "relationship": "DECLARES_FIELD",
      "to": "c:c/01-basic-structs/basic.c#Field:Node.kind",
    },
    {
      "evidence": {
        "column": 5,
        "confidence": "high",
        "extractor": "c",
        "extractor_version": "0.1.0",
        "language": "c",
        "line": 23,
        "parser_backed": true,
      },
      "from": "c:c/01-basic-structs/basic.c#Struct:Node",
      "relationship": "DECLARES_FIELD",
      "to": "c:c/01-basic-structs/basic.c#Field:Node.value",
    },
    {
      "evidence": {
        "column": 5,
        "confidence": "high",
        "extractor": "c",
        "extractor_version": "0.1.0",
        "language": "c",
        "line": 34,
        "parser_backed": true,
      },
      "from": "c:c/01-basic-structs/basic.c#Union:Payload",
      "relationship": "DECLARES_FIELD",
      "to": "c:c/01-basic-structs/basic.c#Field:Payload.as_float",
    },
    {
      "evidence": {
        "column": 5,
        "confidence": "high",
        "extractor": "c",
        "extractor_version": "0.1.0",
        "language": "c",
        "line": 33,
        "parser_backed": true,
      },
      "from": "c:c/01-basic-structs/basic.c#Union:Payload",
      "relationship": "DECLARES_FIELD",
      "to": "c:c/01-basic-structs/basic.c#Field:Payload.as_int",
    },
  ],
  "entities": [
    {
      "column": 1,
      "id": "c:c/01-basic-structs/basic.c",
      "kind": "SourceFile",
      "language": "c",
      "line": 1,
      "name": "basic.c",
      "qualifiedName": "c/01-basic-structs/basic.c",
      "relPath": "c/01-basic-structs/basic.c",
    },
    {
      "column": 9,
      "id": "c:c/01-basic-structs/basic.c#Enum:NodeKind",
      "kind": "Enum",
      "language": "c",
      "line": 17,
      "name": "NodeKind",
      "qualifiedName": "NodeKind",
      "relPath": "c/01-basic-structs/basic.c",
    },
    {
      "column": 5,
      "id": "c:c/01-basic-structs/basic.c#EnumMember:NodeKind.NODE_KIND_BRANCH",
      "kind": "EnumMember",
      "language": "c",
      "line": 19,
      "name": "NODE_KIND_BRANCH",
      "qualifiedName": "NodeKind.NODE_KIND_BRANCH",
      "relPath": "c/01-basic-structs/basic.c",
    },
    {
      "column": 5,
      "id": "c:c/01-basic-structs/basic.c#EnumMember:NodeKind.NODE_KIND_LEAF",
      "kind": "EnumMember",
      "language": "c",
      "line": 18,
      "name": "NODE_KIND_LEAF",
      "qualifiedName": "NodeKind.NODE_KIND_LEAF",
      "relPath": "c/01-basic-structs/basic.c",
    },
    {
      "attrs": {
        "base_type": "Node",
        "pointer_depth": 1,
        "type_text": "Node",
      },
      "column": 5,
      "id": "c:c/01-basic-structs/basic.c#Field:Bucket.first",
      "kind": "Field",
      "language": "c",
      "line": 29,
      "name": "first",
      "qualifiedName": "Bucket.first",
      "relPath": "c/01-basic-structs/basic.c",
    },
    {
      "attrs": {
        "base_type": "unsigned int",
        "pointer_depth": 0,
        "type_text": "unsigned int",
      },
      "column": 5,
      "id": "c:c/01-basic-structs/basic.c#Field:Bucket.hash",
      "kind": "Field",
      "language": "c",
      "line": 28,
      "name": "hash",
      "qualifiedName": "Bucket.hash",
      "relPath": "c/01-basic-structs/basic.c",
    },
    {
      "attrs": {
        "base_type": "NodeKind",
        "pointer_depth": 0,
        "type_text": "NodeKind",
      },
      "column": 5,
      "id": "c:c/01-basic-structs/basic.c#Field:Node.kind",
      "kind": "Field",
      "language": "c",
      "line": 24,
      "name": "kind",
      "qualifiedName": "Node.kind",
      "relPath": "c/01-basic-structs/basic.c",
    },
    {
      "attrs": {
        "base_type": "int",
        "pointer_depth": 0,
        "type_text": "int",
      },
      "column": 5,
      "id": "c:c/01-basic-structs/basic.c#Field:Node.value",
      "kind": "Field",
      "language": "c",
      "line": 23,
      "name": "value",
      "qualifiedName": "Node.value",
      "relPath": "c/01-basic-structs/basic.c",
    },
    {
      "attrs": {
        "base_type": "float",
        "pointer_depth": 0,
        "type_text": "float",
      },
      "column": 5,
      "id": "c:c/01-basic-structs/basic.c#Field:Payload.as_float",
      "kind": "Field",
      "language": "c",
      "line": 34,
      "name": "as_float",
      "qualifiedName": "Payload.as_float",
      "relPath": "c/01-basic-structs/basic.c",
    },
    {
      "attrs": {
        "base_type": "int",
        "pointer_depth": 0,
        "type_text": "int",
      },
      "column": 5,
      "id": "c:c/01-basic-structs/basic.c#Field:Payload.as_int",
      "kind": "Field",
      "language": "c",
      "line": 33,
      "name": "as_int",
      "qualifiedName": "Payload.as_int",
      "relPath": "c/01-basic-structs/basic.c",
    },
    {
      "attrs": {
        "is_definition": false,
      },
      "column": 1,
      "id": "c:c/01-basic-structs/basic.c#Function:node_count",
      "kind": "Function",
      "language": "c",
      "line": 38,
      "name": "node_count",
      "qualifiedName": "node_count",
      "relPath": "c/01-basic-structs/basic.c",
    },
    {
      "attrs": {
        "is_definition": true,
      },
      "column": 1,
      "id": "c:c/01-basic-structs/basic.c#Function:node_make",
      "kind": "Function",
      "language": "c",
      "line": 41,
      "name": "node_make",
      "qualifiedName": "node_make",
      "relPath": "c/01-basic-structs/basic.c",
    },
    {
      "column": 1,
      "id": "c:c/01-basic-structs/basic.c#Macro:LIST_FOREACH",
      "kind": "Macro",
      "language": "c",
      "line": 15,
      "name": "LIST_FOREACH",
      "qualifiedName": "LIST_FOREACH",
      "relPath": "c/01-basic-structs/basic.c",
    },
    {
      "column": 1,
      "id": "c:c/01-basic-structs/basic.c#Macro:MAX_NODES",
      "kind": "Macro",
      "language": "c",
      "line": 14,
      "name": "MAX_NODES",
      "qualifiedName": "MAX_NODES",
      "relPath": "c/01-basic-structs/basic.c",
    },
    {
      "column": 1,
      "id": "c:c/01-basic-structs/basic.c#Struct:Bucket",
      "kind": "Struct",
      "language": "c",
      "line": 27,
      "name": "Bucket",
      "qualifiedName": "Bucket",
      "relPath": "c/01-basic-structs/basic.c",
    },
    {
      "column": 9,
      "id": "c:c/01-basic-structs/basic.c#Struct:Node",
      "kind": "Struct",
      "language": "c",
      "line": 22,
      "name": "Node",
      "qualifiedName": "Node",
      "relPath": "c/01-basic-structs/basic.c",
    },
    {
      "attrs": {
        "aliased_text": "typedef struct Node {
    int value;
    NodeKind kind;
} Node;",
      },
      "column": 1,
      "id": "c:c/01-basic-structs/basic.c#TypeAlias:Node",
      "kind": "TypeAlias",
      "language": "c",
      "line": 22,
      "name": "Node",
      "qualifiedName": "Node",
      "relPath": "c/01-basic-structs/basic.c",
    },
    {
      "attrs": {
        "aliased_text": "typedef enum {
    NODE_KIND_LEAF = 0,
    NODE_KIND_BRANCH = 1
} NodeKind;",
      },
      "column": 1,
      "id": "c:c/01-basic-structs/basic.c#TypeAlias:NodeKind",
      "kind": "TypeAlias",
      "language": "c",
      "line": 17,
      "name": "NodeKind",
      "qualifiedName": "NodeKind",
      "relPath": "c/01-basic-structs/basic.c",
    },
    {
      "column": 1,
      "id": "c:c/01-basic-structs/basic.c#Union:Payload",
      "kind": "Union",
      "language": "c",
      "line": 32,
      "name": "Payload",
      "qualifiedName": "Payload",
      "relPath": "c/01-basic-structs/basic.c",
    },
  ],
  "shapes": [],
}
`;

exports[`C extractor — C-2 pointer modeling > emits the expected entities and edges for the pointer fixture 1`] = `
{
  "diagnostics": [],
  "edges": [
    {
      "evidence": {
        "column": 1,
        "confidence": "high",
        "extractor": "c",
        "extractor_version": "0.1.0",
        "language": "c",
        "line": 16,
        "parser_backed": true,
      },
      "from": "c:c/02-pointers/pointers.c",
      "relationship": "DECLARES",
      "to": "c:c/02-pointers/pointers.c#Struct:Node",
    },
    {
      "evidence": {
        "column": 1,
        "confidence": "high",
        "extractor": "c",
        "extractor_version": "0.1.0",
        "language": "c",
        "line": 25,
        "parser_backed": true,
      },
      "from": "c:c/02-pointers/pointers.c",
      "relationship": "DECLARES",
      "to": "c:c/02-pointers/pointers.c#Struct:Pair",
    },
    {
      "evidence": {
        "column": 1,
        "confidence": "high",
        "extractor": "c",
        "extractor_version": "0.1.0",
        "language": "c",
        "line": 14,
        "parser_backed": true,
      },
      "from": "c:c/02-pointers/pointers.c",
      "relationship": "DECLARES",
      "to": "c:c/02-pointers/pointers.c#TypeAlias:Node",
    },
    {
      "evidence": {
        "column": 5,
        "confidence": "high",
        "extractor": "c",
        "extractor_version": "0.1.0",
        "language": "c",
        "line": 21,
        "parser_backed": true,
      },
      "from": "c:c/02-pointers/pointers.c#Field:Node.flag",
      "meta": {
        "base_type": "int",
        "depth": 1,
        "is_const": false,
        "is_volatile": true,
        "resolved": false,
      },
      "relationship": "POINTS_TO",
      "to": "c:type:int",
    },
    {
      "evidence": {
        "column": 5,
        "confidence": "high",
        "extractor": "c",
        "extractor_version": "0.1.0",
        "language": "c",
        "line": 20,
        "parser_backed": true,
      },
      "from": "c:c/02-pointers/pointers.c#Field:Node.name",
      "meta": {
        "base_type": "char",
        "depth": 1,
        "is_const": true,
        "is_volatile": false,
        "resolved": false,
      },
      "relationship": "POINTS_TO",
      "to": "c:type:char",
    },
    {
      "evidence": {
        "column": 5,
        "confidence": "high",
        "extractor": "c",
        "extractor_version": "0.1.0",
        "language": "c",
        "line": 18,
        "parser_backed": true,
      },
      "from": "c:c/02-pointers/pointers.c#Field:Node.next",
      "meta": {
        "base_type": "Node",
        "depth": 1,
        "is_const": false,
        "is_volatile": false,
        "resolved": false,
      },
      "relationship": "POINTS_TO",
      "to": "c:type:Node",
    },
    {
      "evidence": {
        "column": 5,
        "confidence": "high",
        "extractor": "c",
        "extractor_version": "0.1.0",
        "language": "c",
        "line": 19,
        "parser_backed": true,
      },
      "from": "c:c/02-pointers/pointers.c#Field:Node.owner_slot",
      "meta": {
        "base_type": "Node",
        "depth": 2,
        "is_const": false,
        "is_volatile": false,
        "resolved": false,
      },
      "relationship": "POINTS_TO_POINTER",
      "to": "c:type:Node",
    },
    {
      "evidence": {
        "column": 5,
        "confidence": "high",
        "extractor": "c",
        "extractor_version": "0.1.0",
        "language": "c",
        "line": 26,
        "parser_backed": true,
      },
      "from": "c:c/02-pointers/pointers.c#Field:Pair.left",
      "meta": {
        "base_type": "Node",
        "depth": 1,
        "is_const": false,
        "is_volatile": false,
        "resolved": false,
      },
      "relationship": "POINTS_TO",
      "to": "c:type:Node",
    },
    {
      "evidence": {
        "column": 5,
        "confidence": "high",
        "extractor": "c",
        "extractor_version": "0.1.0",
        "language": "c",
        "line": 27,
        "parser_backed": true,
      },
      "from": "c:c/02-pointers/pointers.c#Field:Pair.right",
      "meta": {
        "base_type": "Node",
        "depth": 1,
        "is_const": false,
        "is_volatile": false,
        "resolved": false,
      },
      "relationship": "POINTS_TO",
      "to": "c:type:Node",
    },
    {
      "evidence": {
        "column": 5,
        "confidence": "high",
        "extractor": "c",
        "extractor_version": "0.1.0",
        "language": "c",
        "line": 22,
        "parser_backed": true,
      },
      "from": "c:c/02-pointers/pointers.c#Struct:Node",
      "relationship": "DECLARES_FIELD",
      "to": "c:c/02-pointers/pointers.c#Field:Node.count",
    },
    {
      "evidence": {
        "column": 5,
        "confidence": "high",
        "extractor": "c",
        "extractor_version": "0.1.0",
        "language": "c",
        "line": 21,
        "parser_backed": true,
      },
      "from": "c:c/02-pointers/pointers.c#Struct:Node",
      "relationship": "DECLARES_FIELD",
      "to": "c:c/02-pointers/pointers.c#Field:Node.flag",
    },
    {
      "evidence": {
        "column": 5,
        "confidence": "high",
        "extractor": "c",
        "extractor_version": "0.1.0",
        "language": "c",
        "line": 20,
        "parser_backed": true,
      },
      "from": "c:c/02-pointers/pointers.c#Struct:Node",
      "relationship": "DECLARES_FIELD",
      "to": "c:c/02-pointers/pointers.c#Field:Node.name",
    },
    {
      "evidence": {
        "column": 5,
        "confidence": "high",
        "extractor": "c",
        "extractor_version": "0.1.0",
        "language": "c",
        "line": 18,
        "parser_backed": true,
      },
      "from": "c:c/02-pointers/pointers.c#Struct:Node",
      "relationship": "DECLARES_FIELD",
      "to": "c:c/02-pointers/pointers.c#Field:Node.next",
    },
    {
      "evidence": {
        "column": 5,
        "confidence": "high",
        "extractor": "c",
        "extractor_version": "0.1.0",
        "language": "c",
        "line": 19,
        "parser_backed": true,
      },
      "from": "c:c/02-pointers/pointers.c#Struct:Node",
      "relationship": "DECLARES_FIELD",
      "to": "c:c/02-pointers/pointers.c#Field:Node.owner_slot",
    },
    {
      "evidence": {
        "column": 5,
        "confidence": "high",
        "extractor": "c",
        "extractor_version": "0.1.0",
        "language": "c",
        "line": 17,
        "parser_backed": true,
      },
      "from": "c:c/02-pointers/pointers.c#Struct:Node",
      "relationship": "DECLARES_FIELD",
      "to": "c:c/02-pointers/pointers.c#Field:Node.value",
    },
    {
      "evidence": {
        "column": 5,
        "confidence": "high",
        "extractor": "c",
        "extractor_version": "0.1.0",
        "language": "c",
        "line": 26,
        "parser_backed": true,
      },
      "from": "c:c/02-pointers/pointers.c#Struct:Pair",
      "relationship": "DECLARES_FIELD",
      "to": "c:c/02-pointers/pointers.c#Field:Pair.left",
    },
    {
      "evidence": {
        "column": 5,
        "confidence": "high",
        "extractor": "c",
        "extractor_version": "0.1.0",
        "language": "c",
        "line": 27,
        "parser_backed": true,
      },
      "from": "c:c/02-pointers/pointers.c#Struct:Pair",
      "relationship": "DECLARES_FIELD",
      "to": "c:c/02-pointers/pointers.c#Field:Pair.right",
    },
  ],
  "entities": [
    {
      "column": 1,
      "id": "c:c/02-pointers/pointers.c",
      "kind": "SourceFile",
      "language": "c",
      "line": 1,
      "name": "pointers.c",
      "qualifiedName": "c/02-pointers/pointers.c",
      "relPath": "c/02-pointers/pointers.c",
    },
    {
      "attrs": {
        "base_type": "int",
        "pointer_depth": 0,
        "type_text": "int",
      },
      "column": 5,
      "id": "c:c/02-pointers/pointers.c#Field:Node.count",
      "kind": "Field",
      "language": "c",
      "line": 22,
      "name": "count",
      "qualifiedName": "Node.count",
      "relPath": "c/02-pointers/pointers.c",
    },
    {
      "attrs": {
        "base_type": "int",
        "pointer_depth": 1,
        "type_text": "int",
      },
      "column": 5,
      "id": "c:c/02-pointers/pointers.c#Field:Node.flag",
      "kind": "Field",
      "language": "c",
      "line": 21,
      "name": "flag",
      "qualifiedName": "Node.flag",
      "relPath": "c/02-pointers/pointers.c",
    },
    {
      "attrs": {
        "base_type": "char",
        "pointer_depth": 1,
        "type_text": "char",
      },
      "column": 5,
      "id": "c:c/02-pointers/pointers.c#Field:Node.name",
      "kind": "Field",
      "language": "c",
      "line": 20,
      "name": "name",
      "qualifiedName": "Node.name",
      "relPath": "c/02-pointers/pointers.c",
    },
    {
      "attrs": {
        "base_type": "Node",
        "pointer_depth": 1,
        "type_text": "Node",
      },
      "column": 5,
      "id": "c:c/02-pointers/pointers.c#Field:Node.next",
      "kind": "Field",
      "language": "c",
      "line": 18,
      "name": "next",
      "qualifiedName": "Node.next",
      "relPath": "c/02-pointers/pointers.c",
    },
    {
      "attrs": {
        "base_type": "Node",
        "pointer_depth": 2,
        "type_text": "Node",
      },
      "column": 5,
      "id": "c:c/02-pointers/pointers.c#Field:Node.owner_slot",
      "kind": "Field",
      "language": "c",
      "line": 19,
      "name": "owner_slot",
      "qualifiedName": "Node.owner_slot",
      "relPath": "c/02-pointers/pointers.c",
    },
    {
      "attrs": {
        "base_type": "int",
        "pointer_depth": 0,
        "type_text": "int",
      },
      "column": 5,
      "id": "c:c/02-pointers/pointers.c#Field:Node.value",
      "kind": "Field",
      "language": "c",
      "line": 17,
      "name": "value",
      "qualifiedName": "Node.value",
      "relPath": "c/02-pointers/pointers.c",
    },
    {
      "attrs": {
        "base_type": "Node",
        "pointer_depth": 1,
        "type_text": "Node",
      },
      "column": 5,
      "id": "c:c/02-pointers/pointers.c#Field:Pair.left",
      "kind": "Field",
      "language": "c",
      "line": 26,
      "name": "left",
      "qualifiedName": "Pair.left",
      "relPath": "c/02-pointers/pointers.c",
    },
    {
      "attrs": {
        "base_type": "Node",
        "pointer_depth": 1,
        "type_text": "Node",
      },
      "column": 5,
      "id": "c:c/02-pointers/pointers.c#Field:Pair.right",
      "kind": "Field",
      "language": "c",
      "line": 27,
      "name": "right",
      "qualifiedName": "Pair.right",
      "relPath": "c/02-pointers/pointers.c",
    },
    {
      "column": 1,
      "id": "c:c/02-pointers/pointers.c#Struct:Node",
      "kind": "Struct",
      "language": "c",
      "line": 16,
      "name": "Node",
      "qualifiedName": "Node",
      "relPath": "c/02-pointers/pointers.c",
    },
    {
      "column": 1,
      "id": "c:c/02-pointers/pointers.c#Struct:Pair",
      "kind": "Struct",
      "language": "c",
      "line": 25,
      "name": "Pair",
      "qualifiedName": "Pair",
      "relPath": "c/02-pointers/pointers.c",
    },
    {
      "attrs": {
        "aliased_text": "typedef struct Node Node;",
      },
      "column": 1,
      "id": "c:c/02-pointers/pointers.c#TypeAlias:Node",
      "kind": "TypeAlias",
      "language": "c",
      "line": 14,
      "name": "Node",
      "qualifiedName": "Node",
      "relPath": "c/02-pointers/pointers.c",
    },
  ],
  "shapes": [],
}
`;
