// Vitest Snapshot v1, https://vitest.dev/guide/snapshot.html

exports[`C++ extractor — CPP-1 namespaces, classes, inheritance > matches the snapshot for the basic fixture 1`] = `
{
  "diagnostics": [],
  "edges": [
    {
      "evidence": {
        "column": 1,
        "confidence": "high",
        "extractor": "cpp",
        "extractor_version": "0.1.0",
        "language": "cpp",
        "line": 36,
        "parser_backed": true,
      },
      "from": "cpp:cpp/01-basic/basic.cpp",
      "relationship": "DECLARES",
      "to": "cpp:cpp/01-basic/basic.cpp#Class:engine::Circle",
    },
    {
      "evidence": {
        "column": 1,
        "confidence": "high",
        "extractor": "cpp",
        "extractor_version": "0.1.0",
        "language": "cpp",
        "line": 49,
        "parser_backed": true,
      },
      "from": "cpp:cpp/01-basic/basic.cpp",
      "relationship": "DECLARES",
      "to": "cpp:cpp/01-basic/basic.cpp#Class:engine::inner::Widget",
    },
    {
      "evidence": {
        "column": 1,
        "confidence": "high",
        "extractor": "cpp",
        "extractor_version": "0.1.0",
        "language": "cpp",
        "line": 23,
        "parser_backed": true,
      },
      "from": "cpp:cpp/01-basic/basic.cpp",
      "relationship": "DECLARES",
      "to": "cpp:cpp/01-basic/basic.cpp#Class:engine::Shape",
    },
    {
      "evidence": {
        "column": 3,
        "confidence": "high",
        "extractor": "cpp",
        "extractor_version": "0.1.0",
        "language": "cpp",
        "line": 38,
        "parser_backed": true,
      },
      "from": "cpp:cpp/01-basic/basic.cpp",
      "relationship": "DECLARES",
      "to": "cpp:cpp/01-basic/basic.cpp#Constructor:engine::Circle::Circle@38",
    },
    {
      "evidence": {
        "column": 3,
        "confidence": "high",
        "extractor": "cpp",
        "extractor_version": "0.1.0",
        "language": "cpp",
        "line": 51,
        "parser_backed": true,
      },
      "from": "cpp:cpp/01-basic/basic.cpp",
      "relationship": "DECLARES",
      "to": "cpp:cpp/01-basic/basic.cpp#Constructor:engine::inner::Widget::Widget@51",
    },
    {
      "evidence": {
        "column": 3,
        "confidence": "high",
        "extractor": "cpp",
        "extractor_version": "0.1.0",
        "language": "cpp",
        "line": 25,
        "parser_backed": true,
      },
      "from": "cpp:cpp/01-basic/basic.cpp",
      "relationship": "DECLARES",
      "to": "cpp:cpp/01-basic/basic.cpp#Constructor:engine::Shape::Shape@25",
    },
    {
      "evidence": {
        "column": 3,
        "confidence": "high",
        "extractor": "cpp",
        "extractor_version": "0.1.0",
        "language": "cpp",
        "line": 26,
        "parser_backed": true,
      },
      "from": "cpp:cpp/01-basic/basic.cpp",
      "relationship": "DECLARES",
      "to": "cpp:cpp/01-basic/basic.cpp#Destructor:engine::Shape::~Shape@26",
    },
    {
      "evidence": {
        "column": 1,
        "confidence": "high",
        "extractor": "cpp",
        "extractor_version": "0.1.0",
        "language": "cpp",
        "line": 11,
        "parser_backed": true,
      },
      "from": "cpp:cpp/01-basic/basic.cpp",
      "relationship": "DECLARES",
      "to": "cpp:cpp/01-basic/basic.cpp#Enum:engine::Severity",
    },
    {
      "evidence": {
        "column": 1,
        "confidence": "high",
        "extractor": "cpp",
        "extractor_version": "0.1.0",
        "language": "cpp",
        "line": 7,
        "parser_backed": true,
      },
      "from": "cpp:cpp/01-basic/basic.cpp",
      "relationship": "DECLARES",
      "to": "cpp:cpp/01-basic/basic.cpp#Macro:MAX_NODES",
    },
    {
      "evidence": {
        "column": 3,
        "confidence": "high",
        "extractor": "cpp",
        "extractor_version": "0.1.0",
        "language": "cpp",
        "line": 39,
        "parser_backed": true,
      },
      "from": "cpp:cpp/01-basic/basic.cpp",
      "relationship": "DECLARES",
      "to": "cpp:cpp/01-basic/basic.cpp#Method:engine::Circle::area@39",
    },
    {
      "evidence": {
        "column": 3,
        "confidence": "high",
        "extractor": "cpp",
        "extractor_version": "0.1.0",
        "language": "cpp",
        "line": 27,
        "parser_backed": true,
      },
      "from": "cpp:cpp/01-basic/basic.cpp",
      "relationship": "DECLARES",
      "to": "cpp:cpp/01-basic/basic.cpp#Method:engine::Shape::area@27",
    },
    {
      "evidence": {
        "column": 1,
        "confidence": "high",
        "extractor": "cpp",
        "extractor_version": "0.1.0",
        "language": "cpp",
        "line": 9,
        "parser_backed": true,
      },
      "from": "cpp:cpp/01-basic/basic.cpp",
      "relationship": "DECLARES",
      "to": "cpp:cpp/01-basic/basic.cpp#Namespace:engine",
    },
    {
      "evidence": {
        "column": 1,
        "confidence": "high",
        "extractor": "cpp",
        "extractor_version": "0.1.0",
        "language": "cpp",
        "line": 47,
        "parser_backed": true,
      },
      "from": "cpp:cpp/01-basic/basic.cpp",
      "relationship": "DECLARES",
      "to": "cpp:cpp/01-basic/basic.cpp#Namespace:engine::inner",
    },
    {
      "evidence": {
        "column": 1,
        "confidence": "high",
        "extractor": "cpp",
        "extractor_version": "0.1.0",
        "language": "cpp",
        "line": 17,
        "parser_backed": true,
      },
      "from": "cpp:cpp/01-basic/basic.cpp",
      "relationship": "DECLARES",
      "to": "cpp:cpp/01-basic/basic.cpp#Struct:engine::Vec3",
    },
    {
      "evidence": {
        "column": 1,
        "confidence": "high",
        "extractor": "cpp",
        "extractor_version": "0.1.0",
        "language": "cpp",
        "line": 4,
        "parser_backed": true,
      },
      "from": "cpp:cpp/01-basic/basic.cpp",
      "meta": {
        "path": "cstdint",
        "system": true,
      },
      "relationship": "INCLUDES",
      "to": "cpp:include:cstdint",
    },
    {
      "evidence": {
        "column": 1,
        "confidence": "high",
        "extractor": "cpp",
        "extractor_version": "0.1.0",
        "language": "cpp",
        "line": 5,
        "parser_backed": true,
      },
      "from": "cpp:cpp/01-basic/basic.cpp",
      "meta": {
        "path": "engine.hpp",
        "system": false,
      },
      "relationship": "INCLUDES",
      "to": "cpp:include:engine.hpp",
    },
    {
      "evidence": {
        "column": 3,
        "confidence": "high",
        "extractor": "cpp",
        "extractor_version": "0.1.0",
        "language": "cpp",
        "line": 43,
        "parser_backed": true,
      },
      "from": "cpp:cpp/01-basic/basic.cpp#Class:engine::Circle",
      "relationship": "DECLARES_FIELD",
      "to": "cpp:cpp/01-basic/basic.cpp#Field:engine::Circle::next_",
    },
    {
      "evidence": {
        "column": 3,
        "confidence": "high",
        "extractor": "cpp",
        "extractor_version": "0.1.0",
        "language": "cpp",
        "line": 44,
        "parser_backed": true,
      },
      "from": "cpp:cpp/01-basic/basic.cpp#Class:engine::Circle",
      "relationship": "DECLARES_FIELD",
      "to": "cpp:cpp/01-basic/basic.cpp#Field:engine::Circle::parent_ref_",
    },
    {
      "evidence": {
        "column": 3,
        "confidence": "high",
        "extractor": "cpp",
        "extractor_version": "0.1.0",
        "language": "cpp",
        "line": 42,
        "parser_backed": true,
      },
      "from": "cpp:cpp/01-basic/basic.cpp#Class:engine::Circle",
      "relationship": "DECLARES_FIELD",
      "to": "cpp:cpp/01-basic/basic.cpp#Field:engine::Circle::radius_",
    },
    {
      "evidence": {
        "column": 23,
        "confidence": "high",
        "extractor": "cpp",
        "extractor_version": "0.1.0",
        "language": "cpp",
        "line": 36,
        "parser_backed": true,
      },
      "from": "cpp:cpp/01-basic/basic.cpp#Class:engine::Circle",
      "meta": {
        "access": "public",
        "base_type": "Shape",
        "is_virtual": false,
        "resolved": false,
      },
      "relationship": "EXTENDS",
      "to": "cpp:type:Shape",
    },
    {
      "evidence": {
        "column": 3,
        "confidence": "high",
        "extractor": "cpp",
        "extractor_version": "0.1.0",
        "language": "cpp",
        "line": 55,
        "parser_backed": true,
      },
      "from": "cpp:cpp/01-basic/basic.cpp#Class:engine::inner::Widget",
      "relationship": "DECLARES_FIELD",
      "to": "cpp:cpp/01-basic/basic.cpp#Field:engine::inner::Widget::double_ptr_",
    },
    {
      "evidence": {
        "column": 3,
        "confidence": "high",
        "extractor": "cpp",
        "extractor_version": "0.1.0",
        "language": "cpp",
        "line": 54,
        "parser_backed": true,
      },
      "from": "cpp:cpp/01-basic/basic.cpp#Class:engine::inner::Widget",
      "relationship": "DECLARES_FIELD",
      "to": "cpp:cpp/01-basic/basic.cpp#Field:engine::inner::Widget::origin_ptr_",
    },
    {
      "evidence": {
        "column": 40,
        "confidence": "high",
        "extractor": "cpp",
        "extractor_version": "0.1.0",
        "language": "cpp",
        "line": 49,
        "parser_backed": true,
      },
      "from": "cpp:cpp/01-basic/basic.cpp#Class:engine::inner::Widget",
      "meta": {
        "access": "public",
        "base_type": "Circle",
        "is_virtual": false,
        "resolved": false,
      },
      "relationship": "EXTENDS",
      "to": "cpp:type:Circle",
    },
    {
      "evidence": {
        "column": 26,
        "confidence": "high",
        "extractor": "cpp",
        "extractor_version": "0.1.0",
        "language": "cpp",
        "line": 49,
        "parser_backed": true,
      },
      "from": "cpp:cpp/01-basic/basic.cpp#Class:engine::inner::Widget",
      "meta": {
        "access": "protected",
        "base_type": "Shape",
        "is_virtual": false,
        "resolved": false,
      },
      "relationship": "EXTENDS",
      "to": "cpp:type:Shape",
    },
    {
      "evidence": {
        "column": 3,
        "confidence": "high",
        "extractor": "cpp",
        "extractor_version": "0.1.0",
        "language": "cpp",
        "line": 33,
        "parser_backed": true,
      },
      "from": "cpp:cpp/01-basic/basic.cpp#Class:engine::Shape",
      "relationship": "DECLARES_FIELD",
      "to": "cpp:cpp/01-basic/basic.cpp#Field:engine::Shape::id_",
    },
    {
      "evidence": {
        "column": 3,
        "confidence": "high",
        "extractor": "cpp",
        "extractor_version": "0.1.0",
        "language": "cpp",
        "line": 30,
        "parser_backed": true,
      },
      "from": "cpp:cpp/01-basic/basic.cpp#Class:engine::Shape",
      "relationship": "DECLARES_FIELD",
      "to": "cpp:cpp/01-basic/basic.cpp#Field:engine::Shape::origin",
    },
    {
      "evidence": {
        "column": 3,
        "confidence": "high",
        "extractor": "cpp",
        "extractor_version": "0.1.0",
        "language": "cpp",
        "line": 14,
        "parser_backed": true,
      },
      "from": "cpp:cpp/01-basic/basic.cpp#Enum:engine::Severity",
      "relationship": "DECLARES_ENUM_MEMBER",
      "to": "cpp:cpp/01-basic/basic.cpp#EnumMember:engine::Severity::High",
    },
    {
      "evidence": {
        "column": 3,
        "confidence": "high",
        "extractor": "cpp",
        "extractor_version": "0.1.0",
        "language": "cpp",
        "line": 12,
        "parser_backed": true,
      },
      "from": "cpp:cpp/01-basic/basic.cpp#Enum:engine::Severity",
      "relationship": "DECLARES_ENUM_MEMBER",
      "to": "cpp:cpp/01-basic/basic.cpp#EnumMember:engine::Severity::Low",
    },
    {
      "evidence": {
        "column": 3,
        "confidence": "high",
        "extractor": "cpp",
        "extractor_version": "0.1.0",
        "language": "cpp",
        "line": 13,
        "parser_backed": true,
      },
      "from": "cpp:cpp/01-basic/basic.cpp#Enum:engine::Severity",
      "relationship": "DECLARES_ENUM_MEMBER",
      "to": "cpp:cpp/01-basic/basic.cpp#EnumMember:engine::Severity::Medium",
    },
    {
      "evidence": {
        "column": 3,
        "confidence": "high",
        "extractor": "cpp",
        "extractor_version": "0.1.0",
        "language": "cpp",
        "line": 43,
        "parser_backed": true,
      },
      "from": "cpp:cpp/01-basic/basic.cpp#Field:engine::Circle::next_",
      "meta": {
        "base_type": "Shape",
        "depth": 1,
        "is_const": false,
        "is_reference": false,
        "is_volatile": false,
        "resolved": false,
      },
      "relationship": "POINTS_TO",
      "to": "cpp:type:Shape",
    },
    {
      "evidence": {
        "column": 3,
        "confidence": "high",
        "extractor": "cpp",
        "extractor_version": "0.1.0",
        "language": "cpp",
        "line": 55,
        "parser_backed": true,
      },
      "from": "cpp:cpp/01-basic/basic.cpp#Field:engine::inner::Widget::double_ptr_",
      "meta": {
        "base_type": "int",
        "depth": 2,
        "is_const": false,
        "is_reference": false,
        "is_volatile": false,
        "resolved": false,
      },
      "relationship": "POINTS_TO_POINTER",
      "to": "cpp:type:int",
    },
    {
      "evidence": {
        "column": 3,
        "confidence": "high",
        "extractor": "cpp",
        "extractor_version": "0.1.0",
        "language": "cpp",
        "line": 54,
        "parser_backed": true,
      },
      "from": "cpp:cpp/01-basic/basic.cpp#Field:engine::inner::Widget::origin_ptr_",
      "meta": {
        "base_type": "Vec3",
        "depth": 1,
        "is_const": true,
        "is_reference": false,
        "is_volatile": false,
        "resolved": false,
      },
      "relationship": "POINTS_TO",
      "to": "cpp:type:Vec3",
    },
    {
      "evidence": {
        "column": 3,
        "confidence": "high",
        "extractor": "cpp",
        "extractor_version": "0.1.0",
        "language": "cpp",
        "line": 18,
        "parser_backed": true,
      },
      "from": "cpp:cpp/01-basic/basic.cpp#Struct:engine::Vec3",
      "relationship": "DECLARES_FIELD",
      "to": "cpp:cpp/01-basic/basic.cpp#Field:engine::Vec3::x",
    },
    {
      "evidence": {
        "column": 3,
        "confidence": "high",
        "extractor": "cpp",
        "extractor_version": "0.1.0",
        "language": "cpp",
        "line": 19,
        "parser_backed": true,
      },
      "from": "cpp:cpp/01-basic/basic.cpp#Struct:engine::Vec3",
      "relationship": "DECLARES_FIELD",
      "to": "cpp:cpp/01-basic/basic.cpp#Field:engine::Vec3::y",
    },
    {
      "evidence": {
        "column": 3,
        "confidence": "high",
        "extractor": "cpp",
        "extractor_version": "0.1.0",
        "language": "cpp",
        "line": 20,
        "parser_backed": true,
      },
      "from": "cpp:cpp/01-basic/basic.cpp#Struct:engine::Vec3",
      "relationship": "DECLARES_FIELD",
      "to": "cpp:cpp/01-basic/basic.cpp#Field:engine::Vec3::z",
    },
  ],
  "entities": [
    {
      "column": 1,
      "id": "cpp:cpp/01-basic/basic.cpp",
      "kind": "SourceFile",
      "language": "cpp",
      "line": 1,
      "name": "basic.cpp",
      "qualifiedName": "cpp/01-basic/basic.cpp",
      "relPath": "cpp/01-basic/basic.cpp",
    },
    {
      "attrs": {
        "default_access": "private",
      },
      "column": 1,
      "id": "cpp:cpp/01-basic/basic.cpp#Class:engine::Circle",
      "kind": "Class",
      "language": "cpp",
      "line": 36,
      "name": "Circle",
      "qualifiedName": "engine::Circle",
      "relPath": "cpp/01-basic/basic.cpp",
    },
    {
      "attrs": {
        "default_access": "private",
      },
      "column": 1,
      "id": "cpp:cpp/01-basic/basic.cpp#Class:engine::inner::Widget",
      "kind": "Class",
      "language": "cpp",
      "line": 49,
      "name": "Widget",
      "qualifiedName": "engine::inner::Widget",
      "relPath": "cpp/01-basic/basic.cpp",
    },
    {
      "attrs": {
        "default_access": "private",
      },
      "column": 1,
      "id": "cpp:cpp/01-basic/basic.cpp#Class:engine::Shape",
      "kind": "Class",
      "language": "cpp",
      "line": 23,
      "name": "Shape",
      "qualifiedName": "engine::Shape",
      "relPath": "cpp/01-basic/basic.cpp",
    },
    {
      "attrs": {
        "is_definition": false,
      },
      "column": 3,
      "id": "cpp:cpp/01-basic/basic.cpp#Constructor:engine::Circle::Circle@38",
      "kind": "Constructor",
      "language": "cpp",
      "line": 38,
      "name": "Circle",
      "qualifiedName": "engine::Circle::Circle",
      "relPath": "cpp/01-basic/basic.cpp",
    },
    {
      "attrs": {
        "is_definition": false,
      },
      "column": 3,
      "id": "cpp:cpp/01-basic/basic.cpp#Constructor:engine::inner::Widget::Widget@51",
      "kind": "Constructor",
      "language": "cpp",
      "line": 51,
      "name": "Widget",
      "qualifiedName": "engine::inner::Widget::Widget",
      "relPath": "cpp/01-basic/basic.cpp",
    },
    {
      "attrs": {
        "is_definition": false,
      },
      "column": 3,
      "id": "cpp:cpp/01-basic/basic.cpp#Constructor:engine::Shape::Shape@25",
      "kind": "Constructor",
      "language": "cpp",
      "line": 25,
      "name": "Shape",
      "qualifiedName": "engine::Shape::Shape",
      "relPath": "cpp/01-basic/basic.cpp",
    },
    {
      "attrs": {
        "is_definition": false,
      },
      "column": 3,
      "id": "cpp:cpp/01-basic/basic.cpp#Destructor:engine::Shape::~Shape@26",
      "kind": "Destructor",
      "language": "cpp",
      "line": 26,
      "name": "~Shape",
      "qualifiedName": "engine::Shape::~Shape",
      "relPath": "cpp/01-basic/basic.cpp",
    },
    {
      "attrs": {
        "is_scoped": true,
      },
      "column": 1,
      "id": "cpp:cpp/01-basic/basic.cpp#Enum:engine::Severity",
      "kind": "Enum",
      "language": "cpp",
      "line": 11,
      "name": "Severity",
      "qualifiedName": "engine::Severity",
      "relPath": "cpp/01-basic/basic.cpp",
    },
    {
      "column": 3,
      "id": "cpp:cpp/01-basic/basic.cpp#EnumMember:engine::Severity::High",
      "kind": "EnumMember",
      "language": "cpp",
      "line": 14,
      "name": "High",
      "qualifiedName": "engine::Severity::High",
      "relPath": "cpp/01-basic/basic.cpp",
    },
    {
      "column": 3,
      "id": "cpp:cpp/01-basic/basic.cpp#EnumMember:engine::Severity::Low",
      "kind": "EnumMember",
      "language": "cpp",
      "line": 12,
      "name": "Low",
      "qualifiedName": "engine::Severity::Low",
      "relPath": "cpp/01-basic/basic.cpp",
    },
    {
      "column": 3,
      "id": "cpp:cpp/01-basic/basic.cpp#EnumMember:engine::Severity::Medium",
      "kind": "EnumMember",
      "language": "cpp",
      "line": 13,
      "name": "Medium",
      "qualifiedName": "engine::Severity::Medium",
      "relPath": "cpp/01-basic/basic.cpp",
    },
    {
      "attrs": {
        "access": "private",
        "base_type": "Shape",
        "is_reference": false,
        "pointer_depth": 1,
        "type_text": "Shape",
      },
      "column": 3,
      "id": "cpp:cpp/01-basic/basic.cpp#Field:engine::Circle::next_",
      "kind": "Field",
      "language": "cpp",
      "line": 43,
      "name": "next_",
      "qualifiedName": "engine::Circle::next_",
      "relPath": "cpp/01-basic/basic.cpp",
    },
    {
      "attrs": {
        "access": "private",
        "base_type": "Shape",
        "is_reference": true,
        "pointer_depth": 0,
        "type_text": "Shape",
      },
      "column": 3,
      "id": "cpp:cpp/01-basic/basic.cpp#Field:engine::Circle::parent_ref_",
      "kind": "Field",
      "language": "cpp",
      "line": 44,
      "name": "parent_ref_",
      "qualifiedName": "engine::Circle::parent_ref_",
      "relPath": "cpp/01-basic/basic.cpp",
    },
    {
      "attrs": {
        "access": "private",
        "base_type": "float",
        "is_reference": false,
        "pointer_depth": 0,
        "type_text": "float",
      },
      "column": 3,
      "id": "cpp:cpp/01-basic/basic.cpp#Field:engine::Circle::radius_",
      "kind": "Field",
      "language": "cpp",
      "line": 42,
      "name": "radius_",
      "qualifiedName": "engine::Circle::radius_",
      "relPath": "cpp/01-basic/basic.cpp",
    },
    {
      "attrs": {
        "access": "private",
        "base_type": "int",
        "is_reference": false,
        "pointer_depth": 2,
        "type_text": "int",
      },
      "column": 3,
      "id": "cpp:cpp/01-basic/basic.cpp#Field:engine::inner::Widget::double_ptr_",
      "kind": "Field",
      "language": "cpp",
      "line": 55,
      "name": "double_ptr_",
      "qualifiedName": "engine::inner::Widget::double_ptr_",
      "relPath": "cpp/01-basic/basic.cpp",
    },
    {
      "attrs": {
        "access": "private",
        "base_type": "Vec3",
        "is_reference": false,
        "pointer_depth": 1,
        "type_text": "Vec3",
      },
      "column": 3,
      "id": "cpp:cpp/01-basic/basic.cpp#Field:engine::inner::Widget::origin_ptr_",
      "kind": "Field",
      "language": "cpp",
      "line": 54,
      "name": "origin_ptr_",
      "qualifiedName": "engine::inner::Widget::origin_ptr_",
      "relPath": "cpp/01-basic/basic.cpp",
    },
    {
      "attrs": {
        "access": "private",
        "base_type": "int",
        "is_reference": false,
        "pointer_depth": 0,
        "type_text": "int",
      },
      "column": 3,
      "id": "cpp:cpp/01-basic/basic.cpp#Field:engine::Shape::id_",
      "kind": "Field",
      "language": "cpp",
      "line": 33,
      "name": "id_",
      "qualifiedName": "engine::Shape::id_",
      "relPath": "cpp/01-basic/basic.cpp",
    },
    {
      "attrs": {
        "access": "protected",
        "base_type": "Vec3",
        "is_reference": false,
        "pointer_depth": 0,
        "type_text": "Vec3",
      },
      "column": 3,
      "id": "cpp:cpp/01-basic/basic.cpp#Field:engine::Shape::origin",
      "kind": "Field",
      "language": "cpp",
      "line": 30,
      "name": "origin",
      "qualifiedName": "engine::Shape::origin",
      "relPath": "cpp/01-basic/basic.cpp",
    },
    {
      "attrs": {
        "access": "public",
        "base_type": "float",
        "is_reference": false,
        "pointer_depth": 0,
        "type_text": "float",
      },
      "column": 3,
      "id": "cpp:cpp/01-basic/basic.cpp#Field:engine::Vec3::x",
      "kind": "Field",
      "language": "cpp",
      "line": 18,
      "name": "x",
      "qualifiedName": "engine::Vec3::x",
      "relPath": "cpp/01-basic/basic.cpp",
    },
    {
      "attrs": {
        "access": "public",
        "base_type": "float",
        "is_reference": false,
        "pointer_depth": 0,
        "type_text": "float",
      },
      "column": 3,
      "id": "cpp:cpp/01-basic/basic.cpp#Field:engine::Vec3::y",
      "kind": "Field",
      "language": "cpp",
      "line": 19,
      "name": "y",
      "qualifiedName": "engine::Vec3::y",
      "relPath": "cpp/01-basic/basic.cpp",
    },
    {
      "attrs": {
        "access": "public",
        "base_type": "float",
        "is_reference": false,
        "pointer_depth": 0,
        "type_text": "float",
      },
      "column": 3,
      "id": "cpp:cpp/01-basic/basic.cpp#Field:engine::Vec3::z",
      "kind": "Field",
      "language": "cpp",
      "line": 20,
      "name": "z",
      "qualifiedName": "engine::Vec3::z",
      "relPath": "cpp/01-basic/basic.cpp",
    },
    {
      "column": 1,
      "id": "cpp:cpp/01-basic/basic.cpp#Macro:MAX_NODES",
      "kind": "Macro",
      "language": "cpp",
      "line": 7,
      "name": "MAX_NODES",
      "qualifiedName": "MAX_NODES",
      "relPath": "cpp/01-basic/basic.cpp",
    },
    {
      "attrs": {
        "is_definition": false,
      },
      "column": 3,
      "id": "cpp:cpp/01-basic/basic.cpp#Method:engine::Circle::area@39",
      "kind": "Method",
      "language": "cpp",
      "line": 39,
      "name": "area",
      "qualifiedName": "engine::Circle::area",
      "relPath": "cpp/01-basic/basic.cpp",
    },
    {
      "attrs": {
        "is_definition": false,
      },
      "column": 3,
      "id": "cpp:cpp/01-basic/basic.cpp#Method:engine::Shape::area@27",
      "kind": "Method",
      "language": "cpp",
      "line": 27,
      "name": "area",
      "qualifiedName": "engine::Shape::area",
      "relPath": "cpp/01-basic/basic.cpp",
    },
    {
      "column": 1,
      "id": "cpp:cpp/01-basic/basic.cpp#Namespace:engine",
      "kind": "Namespace",
      "language": "cpp",
      "line": 9,
      "name": "engine",
      "qualifiedName": "engine",
      "relPath": "cpp/01-basic/basic.cpp",
    },
    {
      "column": 1,
      "id": "cpp:cpp/01-basic/basic.cpp#Namespace:engine::inner",
      "kind": "Namespace",
      "language": "cpp",
      "line": 47,
      "name": "inner",
      "qualifiedName": "engine::inner",
      "relPath": "cpp/01-basic/basic.cpp",
    },
    {
      "attrs": {
        "default_access": "public",
      },
      "column": 1,
      "id": "cpp:cpp/01-basic/basic.cpp#Struct:engine::Vec3",
      "kind": "Struct",
      "language": "cpp",
      "line": 17,
      "name": "Vec3",
      "qualifiedName": "engine::Vec3",
      "relPath": "cpp/01-basic/basic.cpp",
    },
  ],
  "shapes": [],
}
`;
